// Jest Snapshot v1, https://goo.gl/fbAQLP

exports[`MarkdownList component renders MarkdownList 1`] = `
<div
  className="MarkdownList"
>
  <ul>
    <li
      key="stuff0"
    >
      0
    </li>
    <li
      key="other1"
    >
      1
    </li>
    <li
      key="more2"
    >
      2
    </li>
    <li
      key="even more3"
    >
      3
    </li>
    <li
      key="stuff4"
    >
      4
    </li>
    <li
      key="other5"
    >
      5
    </li>
    <li
      key="more6"
    >
      6
    </li>
    <li
      key="even more7"
    >
      7
    </li>
    <li
      key="stuff8"
    >
      8
    </li>
    <li
      key="other9"
    >
      9
    </li>
    <li
      key="more10"
    >
      10
    </li>
    <li
      key="even more11"
    >
      11
    </li>
    <li
      key="stuff12"
    >
      12
    </li>
    <li
      key="other13"
    >
      13
    </li>
    <li
      key="more14"
    >
      14
    </li>
    <li
      key="even more15"
    >
      15
    </li>
    <li
      key="stuff16"
    >
      16
    </li>
    <li
      key="other17"
    >
      17
    </li>
    <li
      key="more18"
    >
      18
    </li>
    <li
      key="even more19"
    >
      19
    </li>
    <li
      key="stuff20"
    >
      20
    </li>
    <li
      key="other21"
    >
      21
    </li>
    <li
      key="more22"
    >
      22
    </li>
    <li
      key="even more23"
    >
      23
    </li>
    <li
      key="stuff24"
    >
      24
    </li>
    <li
      key="other25"
    >
      25
    </li>
    <li
      key="more26"
    >
      26
    </li>
    <li
      key="even more27"
    >
      27
    </li>
    <li
      key="stuff28"
    >
      28
    </li>
    <li
      key="other29"
    >
      29
    </li>
    <li
      key="more30"
    >
      30
    </li>
    <li
      key="even more31"
    >
      31
    </li>
  </ul>
</div>
`;
